// Jest Snapshot v1, https://goo.gl/fbAQLP

exports[`Scenario Selection page snapshot test 1`] = `
<body>
  <div>
    <div
      class="MuiBox-root MuiBox-root-1"
    >
      Hello World
    </div>
  </div>
</body>
`;
