// Jest Snapshot v1, https://goo.gl/fbAQLP

exports[`Scenario Selection page snapshot test 1`] = `
<div
  className="sceneSettingsContainer"
>
  <h1
    className="sideBarHeader"
  >
    Scene Settings
  </h1>
  <div
    className="sideBarBody"
  >
    <div
      className="MuiFormControl-root MuiTextField-root WithStyles(ForwardRef(TextField))-root-1 MuiFormControl-fullWidth"
    >
      <label
        className="MuiFormLabel-root MuiInputLabel-root MuiInputLabel-formControl MuiInputLabel-animated MuiInputLabel-shrink MuiFormLabel-filled"
        data-shrink={true}
      >
        Scene Name
      </label>
      <div
        className="MuiInputBase-root MuiInput-root MuiInput-underline MuiInputBase-fullWidth MuiInput-fullWidth MuiInputBase-formControl MuiInput-formControl"
        onClick={[Function]}
      >
        <input
          aria-invalid={false}
          autoFocus={false}
          className="MuiInputBase-input MuiInput-input"
          disabled={false}
          onAnimationStart={[Function]}
          onBlur={[Function]}
          onChange={[Function]}
          onFocus={[Function]}
          required={false}
          type="text"
          value="Scene"
        />
      </div>
    </div>
  </div>
</div>
`;
