// Jest Snapshot v1, https://goo.gl/fbAQLP

exports[`Scenario Selection page snapshot test 1`] = `
Array [
  <div
    className="topBar"
  >
    <ul
      className="topBarList"
    >
      <li
        className="listItem"
      >
        <a
          aria-disabled={false}
          className="MuiButtonBase-root MuiButton-root MuiButton-outlined btn top outlined white"
          href="/scenario/ID"
          onBlur={[Function]}
          onClick={[Function]}
          onDragLeave={[Function]}
          onFocus={[Function]}
          onKeyDown={[Function]}
          onKeyUp={[Function]}
          onMouseDown={[Function]}
          onMouseLeave={[Function]}
          onMouseUp={[Function]}
          onTouchEnd={[Function]}
          onTouchMove={[Function]}
          onTouchStart={[Function]}
          role="button"
          tabIndex={0}
        >
          <span
            className="MuiButton-label"
          >
            Back
          </span>
        </a>
      </li>
    </ul>
  </div>,
  <h1>
    Authoring Tool Page
  </h1>,
]
`;
