// Jest Snapshot v1, https://goo.gl/fbAQLP

exports[`RowContainer component snapshot test 1`] = `
<div
  className="rowContainer"
>
  <div>
    test
  </div>
  <div>
    test
  </div>
</div>
`;
