// Jest Snapshot v1, https://goo.gl/fbAQLP

exports[`ShareModal component snapshot test 1`] = `
<body
  style="padding-right: 0px; overflow: hidden;"
>
  <div
    aria-hidden="true"
  >
    <div />
  </div>
  <div
    class="MuiDialog-root dialog"
    role="presentation"
    style="position: fixed; z-index: 1300; right: 0px; bottom: 0px; top: 0px; left: 0px;"
  >
    <div
      aria-hidden="true"
      class="MuiBackdrop-root"
      style="opacity: 1; webkit-transition: opacity 225ms cubic-bezier(0.4, 0, 0.2, 1) 0ms; transition: opacity 225ms cubic-bezier(0.4, 0, 0.2, 1) 0ms;"
    />
    <div
      data-test="sentinelStart"
      tabindex="0"
    />
    <div
      class="MuiDialog-container MuiDialog-scrollPaper"
      role="none presentation"
      style="opacity: 1; webkit-transition: opacity 225ms cubic-bezier(0.4, 0, 0.2, 1) 0ms; transition: opacity 225ms cubic-bezier(0.4, 0, 0.2, 1) 0ms;"
      tabindex="-1"
    >
      <div
        class="MuiPaper-root MuiDialog-paper MuiDialog-paperScrollPaper MuiDialog-paperWidthSm MuiDialog-paperFullWidth MuiPaper-elevation24 MuiPaper-rounded"
        role="dialog"
      >
        <div
          class="MuiDialogTitle-root dialogTitle"
        >
          <h2
            class="MuiTypography-root MuiTypography-h6"
          >
            Shareable Link
          </h2>
        </div>
        <div
          class="MuiDialogContent-root dialogContent"
        >
          <p
            class="MuiTypography-root dialogItem MuiTypography-body1"
          >
            Give this link to others so they can play this scenario
          </p>
          <div
            class="MuiFormControl-root MuiTextField-root textField dialogItem MuiFormControl-fullWidth"
          >
            <div
              class="MuiInputBase-root MuiOutlinedInput-root MuiInputBase-fullWidth MuiInputBase-formControl"
            >
              <input
                aria-invalid="false"
                class="MuiInputBase-input MuiOutlinedInput-input"
                readonly=""
                type="text"
                value="http://localhost/play/test"
              />
              <fieldset
                aria-hidden="true"
                class="PrivateNotchedOutline-root-1 MuiOutlinedInput-notchedOutline"
                style="padding-left: 8px;"
              >
                <legend
                  class="PrivateNotchedOutline-legend-2"
                  style="width: 0.01px;"
                >
                  <span>
                    â€‹
                  </span>
                </legend>
              </fieldset>
            </div>
            
          </div>
          <button
            class="MuiButtonBase-root MuiButton-root MuiButton-text btn contained white dialogItem MuiButton-textPrimary Mui-focusVisible Mui-focusVisible"
            tabindex="0"
            type="button"
          >
            <span
              class="MuiButton-label"
            >
              Copy Link
            </span>
            <span
              class="MuiTouchRipple-root"
            >
              <span
                class="MuiTouchRipple-ripple MuiTouchRipple-rippleVisible MuiTouchRipple-ripplePulsate"
                style="width: 1px; height: 1px; top: -0.5px; left: -0.5px;"
              >
                <span
                  class="MuiTouchRipple-child MuiTouchRipple-childPulsate"
                />
              </span>
            </span>
          </button>
        </div>
      </div>
    </div>
    <div
      data-test="sentinelEnd"
      tabindex="0"
    />
  </div>
</body>
`;
