// Jest Snapshot v1, https://goo.gl/fbAQLP

exports[`Thumbnail component snapshot test 1`] = `
<div
  data-testid="div-outer-wrapper"
  style={
    Object {
      "alignItems": "center",
      "display": "flex",
      "height": "100%",
      "justifyContent": "center",
      "width": "100%",
    }
  }
>
  <div
    data-testid="div-iframe-wrapper"
    style={
      Object {
        "backgroundColor": "white",
        "filter": "drop-shadow(1px 1px 2px grey)",
        "maxHeight": "150px",
        "maxWidth": "266px",
      }
    }
  >
    <div
      style={
        Object {
          "height": "150px",
          "maxWidth": "266px",
          "position": "absolute",
          "width": "100%",
          "zIndex": "10",
        }
      }
    >
       
    </div>
    <span>
      <span
        className="react-loading-skeleton css-bvijti-skeletonStyles-Skeleton"
        style={
          Object {
            "height": 150,
            "position": "absolute",
            "width": 266,
            "zIndex": "15",
          }
        }
      >
        â€Œ
      </span>
    </span>
    <iframe
      onLoad={[Function]}
      sandbox="allow-scripts allow-same-origin"
      scrolling="no"
      src="https://canvas.ac.nz/"
      style={
        Object {
          "border": "0px",
          "height": "1080px",
          "transform": "scaleX(0.13854166666666667) scaleY(0.1388888888888889)",
          "transformOrigin": "0 0",
          "width": "1920px",
        }
      }
      tabIndex="-1"
      title="webpage-thumbnail"
    />
  </div>
</div>
`;
