// Jest Snapshot v1, https://goo.gl/fbAQLP

exports[`Scenario Selection page snapshot test 1`] = `
<div
  className="sideBar"
>
  <div
    className="sceneSettingsContainer"
  >
    <h1
      className="sideBarHeader"
    >
      Scene Settings
    </h1>
    <div
      className="sideBarBody"
    >
      <div
        className="MuiFormControl-root MuiTextField-root WithStyles(ForwardRef(TextField))-root-1 MuiFormControl-fullWidth"
      >
        <label
          className="MuiFormLabel-root MuiInputLabel-root MuiInputLabel-formControl MuiInputLabel-animated"
          data-shrink={false}
        >
          Scene Name
        </label>
        <div
          className="MuiInputBase-root MuiInput-root MuiInput-underline MuiInputBase-fullWidth MuiInput-fullWidth MuiInputBase-formControl MuiInput-formControl"
          onClick={[Function]}
        >
          <input
            aria-invalid={false}
            autoFocus={false}
            className="MuiInputBase-input MuiInput-input"
            disabled={false}
            onAnimationStart={[Function]}
            onBlur={[Function]}
            onChange={[Function]}
            onFocus={[Function]}
            required={false}
            type="text"
          />
        </div>
      </div>
      <div
        className="MuiFormControl-root MuiTextField-root WithStyles(ForwardRef(TextField))-root-1 MuiFormControl-fullWidth"
      >
        <label
          className="MuiFormLabel-root MuiInputLabel-root MuiInputLabel-formControl MuiInputLabel-animated MuiInputLabel-shrink MuiFormLabel-filled"
          data-shrink={true}
        >
          Scene Timer Duration
        </label>
        <div
          className="MuiInputBase-root MuiInput-root MuiInput-underline MuiInputBase-fullWidth MuiInput-fullWidth MuiInputBase-formControl MuiInput-formControl MuiInputBase-adornedEnd"
          onClick={[Function]}
        >
          <input
            aria-invalid={false}
            autoFocus={false}
            className="MuiInputBase-input MuiInput-input MuiInputBase-inputAdornedEnd"
            disabled={false}
            onAnimationStart={[Function]}
            onBlur={[Function]}
            onChange={[Function]}
            onFocus={[Function]}
            required={false}
            type="number"
            value={0}
          />
          <div
            className="MuiInputAdornment-root MuiInputAdornment-positionEnd"
          >
            <p
              className="MuiTypography-root MuiTypography-body1 MuiTypography-colorTextSecondary"
            >
              seconds
            </p>
          </div>
        </div>
      </div>
      <div
        className="MuiFormControl-root formControl MuiFormControl-fullWidth"
      >
        <label
          className="MuiFormLabel-root MuiInputLabel-root WithStyles(ForwardRef(InputLabel))-root-2 MuiInputLabel-formControl MuiInputLabel-animated"
          data-shrink={false}
        >
          Scene Role(s)
        </label>
        <div
          className="MuiInputBase-root MuiInput-root MuiInput-underline selectInput MuiInputBase-formControl MuiInput-formControl"
          onClick={[Function]}
        >
          <div
            aria-haspopup="listbox"
            className="MuiSelect-root MuiSelect-select MuiSelect-selectMenu MuiInputBase-input MuiInput-input"
            onBlur={[Function]}
            onFocus={[Function]}
            onKeyDown={[Function]}
            onMouseDown={[Function]}
            role="button"
            tabIndex={0}
          >
            <span
              dangerouslySetInnerHTML={
                Object {
                  "__html": "&#8203;",
                }
              }
            />
          </div>
          <input
            aria-hidden={true}
            className="MuiSelect-nativeInput"
            onAnimationStart={[Function]}
            onChange={[Function]}
            required={false}
            tabIndex={-1}
            value=""
          />
          <svg
            aria-hidden={true}
            className="MuiSvgIcon-root MuiSelect-icon"
            focusable="false"
            viewBox="0 0 24 24"
          >
            <path
              d="M7 10l5 5 5-5z"
            />
          </svg>
        </div>
      </div>
    </div>
  </div>
  <div
    className="componentPropertiesContainer"
  >
    <h1
      className="sideBarHeader"
    >
      Properties
    </h1>
    <div
      className="sideBarBody empty"
    >
      <p
        className="noComponentSelectedText"
      >
        No component selected
      </p>
    </div>
  </div>
</div>
`;
