// Jest Snapshot v1, https://goo.gl/fbAQLP

exports[`Authoring Tool page snapshot test 1`] = `
<body>
  <div />
</body>
`;
