// Jest Snapshot v1, https://goo.gl/fbAQLP

exports[`Add text component snapshot test 1`] = `
<body>
  <div>
    <p
      class="MuiTypography-root makeStyles-defaultComponentStyling-1 makeStyles-textComponentStyles-2 MuiTypography-body1"
      style="z-index: 0;"
    >
      default text
    </p>
  </div>
</body>
`;
