// Jest Snapshot v1, https://goo.gl/fbAQLP

exports[`Scenario Selection page snapshot test 1`] = `
<div
  className="canvasContainer"
>
  <div
    className="canvas"
  />
</div>
`;
