// Jest Snapshot v1, https://goo.gl/fbAQLP

exports[`BackModal component snapshot test 1`] = `
<body
  style="padding-right: 0px; overflow: hidden;"
>
  <div
    aria-hidden="true"
  >
    <div />
  </div>
  <div
    class="MuiDialog-root dialog"
    role="presentation"
    style="position: fixed; z-index: 1300; right: 0px; bottom: 0px; top: 0px; left: 0px;"
  >
    <div
      aria-hidden="true"
      class="MuiBackdrop-root"
      style="opacity: 1; webkit-transition: opacity 225ms cubic-bezier(0.4, 0, 0.2, 1) 0ms; transition: opacity 225ms cubic-bezier(0.4, 0, 0.2, 1) 0ms;"
    />
    <div
      data-test="sentinelStart"
      tabindex="0"
    />
    <div
      class="MuiDialog-container MuiDialog-scrollPaper"
      role="none presentation"
      style="opacity: 1; webkit-transition: opacity 225ms cubic-bezier(0.4, 0, 0.2, 1) 0ms; transition: opacity 225ms cubic-bezier(0.4, 0, 0.2, 1) 0ms;"
      tabindex="-1"
    >
      <div
        class="MuiPaper-root MuiDialog-paper MuiDialog-paperScrollPaper MuiDialog-paperWidthXs MuiPaper-elevation24 MuiPaper-rounded"
        role="dialog"
      >
        <div
          class="MuiDialogTitle-root dialogTitle"
        >
          <h2
            class="MuiTypography-root MuiTypography-h6"
          >
            You have unsaved changes
          </h2>
        </div>
        <div
          class="MuiDialogContent-root dialogBody"
        >
          <p
            class="MuiTypography-root MuiTypography-body1"
          >
            Are you sure you want to leave? Unsaved changes will be lost.
          </p>
        </div>
        <div
          class="MuiDialogActions-root WithStyles(ForwardRef(DialogActions))-root-1 dialogBody MuiDialogActions-spacing"
        >
          <a
            aria-disabled="false"
            class="MuiButtonBase-root MuiButton-root MuiButton-text btn contained red MuiButton-textPrimary"
            href="/scenario/scenarioId"
            role="button"
            tabindex="0"
          >
            <span
              class="MuiButton-label"
            >
              Yes, discard changes
            </span>
            <span
              class="MuiTouchRipple-root"
            />
          </a>
          <button
            class="MuiButtonBase-root MuiButton-root MuiButton-text btn contained white MuiButton-textPrimary Mui-focusVisible Mui-focusVisible"
            tabindex="0"
            type="button"
          >
            <span
              class="MuiButton-label"
            >
              No, keep editing
            </span>
            <span
              class="MuiTouchRipple-root"
            >
              <span
                class="MuiTouchRipple-ripple MuiTouchRipple-rippleVisible MuiTouchRipple-ripplePulsate"
                style="width: 1px; height: 1px; top: -0.5px; left: -0.5px;"
              >
                <span
                  class="MuiTouchRipple-child MuiTouchRipple-childPulsate"
                />
              </span>
            </span>
          </button>
        </div>
      </div>
    </div>
    <div
      data-test="sentinelEnd"
      tabindex="0"
    />
  </div>
</body>
`;
